Release 14.7 - xst P.20131013 (nt)
Copyright (c) 1995-2013 Xilinx, Inc.  All rights reserved.
--> Parameter TMPDIR set to xst/projnav.tmp


Total REAL time to Xst completion: 0.00 secs
Total CPU time to Xst completion: 0.36 secs
 
--> Parameter xsthdpdir set to xst


Total REAL time to Xst completion: 0.00 secs
Total CPU time to Xst completion: 0.36 secs
 
--> Reading design: labkit.prj

TABLE OF CONTENTS
  1) Synthesis Options Summary
  2) HDL Parsing
  3) HDL Elaboration
  4) HDL Synthesis
       4.1) HDL Synthesis Report
  5) Advanced HDL Synthesis
       5.1) Advanced HDL Synthesis Report
  6) Low Level Synthesis
  7) Partition Report
  8) Design Summary
       8.1) Primitive and Black Box Usage
       8.2) Device utilization summary
       8.3) Partition Resource Summary
       8.4) Timing Report
            8.4.1) Clock Information
            8.4.2) Asynchronous Control Signals Information
            8.4.3) Timing Summary
            8.4.4) Timing Details
            8.4.5) Cross Clock Domains Report


=========================================================================
*                      Synthesis Options Summary                        *
=========================================================================
---- Source Parameters
Input File Name                    : "labkit.prj"
Ignore Synthesis Constraint File   : NO

---- Target Parameters
Output File Name                   : "labkit"
Output Format                      : NGC
Target Device                      : xc6slx16-3-csg324

---- Source Options
Top Module Name                    : labkit
Automatic FSM Extraction           : YES
FSM Encoding Algorithm             : Auto
Safe Implementation                : No
FSM Style                          : LUT
RAM Extraction                     : Yes
RAM Style                          : Auto
ROM Extraction                     : Yes
Shift Register Extraction          : YES
ROM Style                          : Auto
Resource Sharing                   : YES
Asynchronous To Synchronous        : NO
Shift Register Minimum Size        : 2
Use DSP Block                      : Auto
Automatic Register Balancing       : No

---- Target Options
LUT Combining                      : Auto
Reduce Control Sets                : Auto
Add IO Buffers                     : YES
Global Maximum Fanout              : 100000
Add Generic Clock Buffer(BUFG)     : 16
Register Duplication               : YES
Optimize Instantiated Primitives   : NO
Use Clock Enable                   : Auto
Use Synchronous Set                : Auto
Use Synchronous Reset              : Auto
Pack IO Registers into IOBs        : Auto
Equivalent register Removal        : YES

---- General Options
Optimization Goal                  : Speed
Optimization Effort                : 1
Power Reduction                    : NO
Keep Hierarchy                     : No
Netlist Hierarchy                  : As_Optimized
RTL Output                         : Yes
Global Optimization                : AllClockNets
Read Cores                         : YES
Write Timing Constraints           : NO
Cross Clock Analysis               : NO
Hierarchy Separator                : /
Bus Delimiter                      : <>
Case Specifier                     : Maintain
Slice Utilization Ratio            : 100
BRAM Utilization Ratio             : 100
DSP48 Utilization Ratio            : 100
Auto BRAM Packing                  : NO
Slice Utilization Ratio Delta      : 5

=========================================================================


=========================================================================
*                          HDL Parsing                                  *
=========================================================================
Analyzing Verilog file "C:\Users\Yi Hao\Documents\GitHub\FPGAPongGame\labkit_vga_sol_one.v" into library work
Parsing module <labkit>.
ERROR:HDLCompiler:1660 - "C:\Users\Yi Hao\Documents\GitHub\FPGAPongGame\labkit_vga_sol_one.v" Line 190: Procedural assignment to a non-register ja is not permitted, left-hand side should be reg/integer/time/genvar
ERROR:HDLCompiler:1660 - "C:\Users\Yi Hao\Documents\GitHub\FPGAPongGame\labkit_vga_sol_one.v" Line 190: Procedural assignment to a non-register ja is not permitted, left-hand side should be reg/integer/time/genvar
ERROR:HDLCompiler:1660 - "C:\Users\Yi Hao\Documents\GitHub\FPGAPongGame\labkit_vga_sol_one.v" Line 193: Procedural assignment to a non-register ja is not permitted, left-hand side should be reg/integer/time/genvar
ERROR:HDLCompiler:1660 - "C:\Users\Yi Hao\Documents\GitHub\FPGAPongGame\labkit_vga_sol_one.v" Line 193: Procedural assignment to a non-register ja is not permitted, left-hand side should be reg/integer/time/genvar
ERROR:HDLCompiler:1660 - "C:\Users\Yi Hao\Documents\GitHub\FPGAPongGame\labkit_vga_sol_one.v" Line 214: Procedural assignment to a non-register ja is not permitted, left-hand side should be reg/integer/time/genvar
ERROR:HDLCompiler:1660 - "C:\Users\Yi Hao\Documents\GitHub\FPGAPongGame\labkit_vga_sol_one.v" Line 214: Procedural assignment to a non-register ja is not permitted, left-hand side should be reg/integer/time/genvar
ERROR:HDLCompiler:598 - "C:\Users\Yi Hao\Documents\GitHub\FPGAPongGame\labkit_vga_sol_one.v" Line 21: Module <labkit> ignored due to previous errors.
Parsing module <pong_game>.
ERROR:HDLCompiler:69 - "C:\Users\Yi Hao\Documents\GitHub\FPGAPongGame\labkit_vga_sol_one.v" Line 328: <switch> is not declared.
ERROR:HDLCompiler:69 - "C:\Users\Yi Hao\Documents\GitHub\FPGAPongGame\labkit_vga_sol_one.v" Line 332: <switch> is not declared.
ERROR:HDLCompiler:598 - "C:\Users\Yi Hao\Documents\GitHub\FPGAPongGame\labkit_vga_sol_one.v" Line 231: Module <pong_game> ignored due to previous errors.
Parsing module <draw_box1>.
ERROR:HDLCompiler:598 - "C:\Users\Yi Hao\Documents\GitHub\FPGAPongGame\labkit_vga_sol_one.v" Line 465: Module <draw_box1> ignored due to previous errors.
Parsing module <move_paddle>.
ERROR:HDLCompiler:598 - "C:\Users\Yi Hao\Documents\GitHub\FPGAPongGame\labkit_vga_sol_one.v" Line 500: Module <move_paddle> ignored due to previous errors.
Parsing module <move_paddle_extended>.
ERROR:HDLCompiler:598 - "C:\Users\Yi Hao\Documents\GitHub\FPGAPongGame\labkit_vga_sol_one.v" Line 566: Module <move_paddle_extended> ignored due to previous errors.
Parsing module <round_piped>.
ERROR:HDLCompiler:598 - "C:\Users\Yi Hao\Documents\GitHub\FPGAPongGame\labkit_vga_sol_one.v" Line 641: Module <round_piped> ignored due to previous errors.
Parsing module <vga_general>.
ERROR:HDLCompiler:598 - "C:\Users\Yi Hao\Documents\GitHub\FPGAPongGame\labkit_vga_sol_one.v" Line 693: Module <vga_general> ignored due to previous errors.
Parsing module <debounce>.
ERROR:HDLCompiler:598 - "C:\Users\Yi Hao\Documents\GitHub\FPGAPongGame\labkit_vga_sol_one.v" Line 775: Module <debounce> ignored due to previous errors.
Parsing module <display_4hex>.
ERROR:HDLCompiler:598 - "C:\Users\Yi Hao\Documents\GitHub\FPGAPongGame\labkit_vga_sol_one.v" Line 808: Module <display_4hex> ignored due to previous errors.
Parsing module <dcm_all_v2>.
ERROR:HDLCompiler:598 - "C:\Users\Yi Hao\Documents\GitHub\FPGAPongGame\labkit_vga_sol_one.v" Line 885: Module <dcm_all_v2> ignored due to previous errors.
Verilog file C:\Users\Yi Hao\Documents\GitHub\FPGAPongGame\labkit_vga_sol_one.v ignored due to errors
--> 

Total memory usage is 194928 kilobytes

Number of errors   :   18 (   0 filtered)
Number of warnings :    0 (   0 filtered)
Number of infos    :    0 (   0 filtered)

