--------------------------------------------------------------------------------
Release 14.7 Trace  (nt)
Copyright (c) 1995-2013 Xilinx, Inc.  All rights reserved.

C:\Xilinx\14.7\ISE_DS\ISE\bin\nt\unwrapped\trce.exe -intstyle ise -v 3 -s 3 -n
3 -fastpaths -xml labkit.twx labkit.ncd -o labkit.twr labkit.pcf

Design file:              labkit.ncd
Physical constraint file: labkit.pcf
Device,package,speed:     xc6slx16,csg324,C,-3 (PRODUCTION 1.23 2013-10-13)
Report level:             verbose report

Environment Variable      Effect 
--------------------      ------ 
NONE                      No environment variables were set
--------------------------------------------------------------------------------

INFO:Timing:2698 - No timing constraints found, doing default enumeration.
INFO:Timing:3412 - To improve timing, see the Timing Closure User Guide (UG612).
INFO:Timing:2752 - To get complete path coverage, use the unconstrained paths 
   option. All paths that are not constrained will be reported in the 
   unconstrained paths section(s) of the report.
INFO:Timing:3339 - The clock-to-out numbers in this timing report are based on 
   a 50 Ohm transmission line loading model.  For the details of this model, 
   and for more information on accounting for different loading conditions, 
   please see the device datasheet.



Data Sheet report:
-----------------
All values displayed in nanoseconds (ns)

Setup/Hold to clock clk_100mhz
------------+------------+------------+------------+------------+------------------+--------+
            |Max Setup to|  Process   |Max Hold to |  Process   |                  | Clock  |
Source      | clk (edge) |   Corner   | clk (edge) |   Corner   |Internal Clock(s) | Phase  |
------------+------------+------------+------------+------------+------------------+--------+
switch<0>   |    3.961(R)|      SLOW  |   -1.425(R)|      FAST  |clk_65mhz_BUFG    |   0.000|
switch<1>   |    3.392(R)|      SLOW  |   -1.160(R)|      FAST  |clk_65mhz_BUFG    |   0.000|
switch<4>   |    6.498(R)|      SLOW  |   -2.044(R)|      FAST  |clk_65mhz_BUFG    |   0.000|
switch<5>   |    6.509(R)|      SLOW  |   -2.017(R)|      FAST  |clk_65mhz_BUFG    |   0.000|
switch<6>   |    6.757(R)|      SLOW  |   -2.201(R)|      FAST  |clk_65mhz_BUFG    |   0.000|
switch<7>   |    7.554(R)|      SLOW  |   -2.701(R)|      FAST  |clk_65mhz_BUFG    |   0.000|
------------+------------+------------+------------+------------+------------------+--------+

Clock clk_100mhz to Pad
------------+-----------------+------------+-----------------+------------+------------------+--------+
            |Max (slowest) clk|  Process   |Min (fastest) clk|  Process   |                  | Clock  |
Destination |  (edge) to PAD  |   Corner   |  (edge) to PAD  |   Corner   |Internal Clock(s) | Phase  |
------------+-----------------+------------+-----------------+------------+------------------+--------+
dig<0>      |         5.938(R)|      SLOW  |         3.833(R)|      FAST  |clk_65mhz_BUFG    |   0.000|
dig<1>      |         5.732(R)|      SLOW  |         3.712(R)|      FAST  |clk_65mhz_BUFG    |   0.000|
dig<2>      |         5.778(R)|      SLOW  |         3.737(R)|      FAST  |clk_65mhz_BUFG    |   0.000|
dig<3>      |         5.727(R)|      SLOW  |         3.722(R)|      FAST  |clk_65mhz_BUFG    |   0.000|
hsync       |         6.596(R)|      SLOW  |         4.326(R)|      FAST  |clk_65mhz_BUFG    |   0.000|
seg<0>      |         6.425(R)|      SLOW  |         4.147(R)|      FAST  |clk_65mhz_BUFG    |   0.000|
seg<1>      |         6.255(R)|      SLOW  |         4.082(R)|      FAST  |clk_65mhz_BUFG    |   0.000|
seg<2>      |         6.459(R)|      SLOW  |         4.202(R)|      FAST  |clk_65mhz_BUFG    |   0.000|
seg<3>      |         6.620(R)|      SLOW  |         4.299(R)|      FAST  |clk_65mhz_BUFG    |   0.000|
seg<4>      |         6.469(R)|      SLOW  |         4.181(R)|      FAST  |clk_65mhz_BUFG    |   0.000|
seg<5>      |         6.836(R)|      SLOW  |         4.442(R)|      FAST  |clk_65mhz_BUFG    |   0.000|
seg<6>      |         6.721(R)|      SLOW  |         4.347(R)|      FAST  |clk_65mhz_BUFG    |   0.000|
vgablue<1>  |         7.313(R)|      SLOW  |         4.609(R)|      FAST  |clk_65mhz_BUFG    |   0.000|
vgablue<2>  |         7.152(R)|      SLOW  |         4.512(R)|      FAST  |clk_65mhz_BUFG    |   0.000|
vgagreen<0> |         7.377(R)|      SLOW  |         4.641(R)|      FAST  |clk_65mhz_BUFG    |   0.000|
vgagreen<1> |         7.407(R)|      SLOW  |         4.679(R)|      FAST  |clk_65mhz_BUFG    |   0.000|
vgagreen<2> |         7.574(R)|      SLOW  |         4.808(R)|      FAST  |clk_65mhz_BUFG    |   0.000|
vgared<0>   |         6.730(R)|      SLOW  |         4.301(R)|      FAST  |clk_65mhz_BUFG    |   0.000|
vgared<1>   |         6.729(R)|      SLOW  |         4.299(R)|      FAST  |clk_65mhz_BUFG    |   0.000|
vgared<2>   |         6.888(R)|      SLOW  |         4.383(R)|      FAST  |clk_65mhz_BUFG    |   0.000|
vsync       |         6.465(R)|      SLOW  |         4.195(R)|      FAST  |clk_65mhz_BUFG    |   0.000|
------------+-----------------+------------+-----------------+------------+------------------+--------+

Clock to Setup on destination clock clk_100mhz
---------------+---------+---------+---------+---------+
               | Src:Rise| Src:Fall| Src:Rise| Src:Fall|
Source Clock   |Dest:Rise|Dest:Rise|Dest:Fall|Dest:Fall|
---------------+---------+---------+---------+---------+
clk_100mhz     |  223.648|         |         |         |
---------------+---------+---------+---------+---------+

Pad to Pad
---------------+---------------+---------+
Source Pad     |Destination Pad|  Delay  |
---------------+---------------+---------+
switch<0>      |led<0>         |    7.625|
switch<1>      |led<1>         |    7.710|
switch<2>      |led<2>         |    7.352|
switch<3>      |led<3>         |    7.338|
switch<4>      |led<4>         |    7.021|
switch<5>      |led<5>         |    6.940|
switch<6>      |led<6>         |    7.010|
switch<7>      |led<7>         |    7.506|
---------------+---------------+---------+


Analysis completed Mon Nov 28 15:14:09 2016 
--------------------------------------------------------------------------------

Trace Settings:
-------------------------
Trace Settings 

Peak Memory Usage: 173 MB



